Flow report for RAM
Thu Feb 07 14:41:25 2019
Quartus II Version 9.1 Build 350 03/24/2010 Service Pack 2 SJ Web Edition


---------------------
; Table of Contents ;
---------------------
  1. Legal Notice
  2. Flow Summary
  3. Flow Settings
  4. Flow Non-Default Global Settings
  5. Flow Elapsed Time
  6. Flow OS Summary
  7. Flow Log



----------------
; Legal Notice ;
----------------
Copyright (C) 1991-2010 Altera Corporation
Your use of Altera Corporation's design tools, logic functions 
and other software and tools, and its AMPP partner logic 
functions, and any output files from any of the foregoing 
(including device programming or simulation files), and any 
associated documentation or information are expressly subject 
to the terms and conditions of the Altera Program License 
Subscription Agreement, Altera MegaCore Function License 
Agreement, or other applicable license agreement, including, 
without limitation, that your use is for the sole purpose of 
programming logic devices manufactured by Altera and sold by 
Altera or its authorized distributors.  Please refer to the 
applicable agreement for further details.



+-----------------------------------------------------------------------------------+
; Flow Summary                                                                      ;
+------------------------------------+----------------------------------------------+
; Flow Status                        ; Successful - Thu Feb 07 14:41:23 2019        ;
; Quartus II Version                 ; 9.1 Build 350 03/24/2010 SP 2 SJ Web Edition ;
; Revision Name                      ; RAM                                          ;
; Top-level Entity Name              ; FullRam                                      ;
; Family                             ; Cyclone IV E                                 ;
; Device                             ; EP4CE6E22C8                                  ;
; Timing Models                      ; Preliminary                                  ;
; Met timing requirements            ; N/A                                          ;
; Total logic elements               ; 226 / 6,272 ( 4 % )                          ;
;     Total combinational functions  ; 219 / 6,272 ( 3 % )                          ;
;     Dedicated logic registers      ; 158 / 6,272 ( 3 % )                          ;
; Total registers                    ; 158                                          ;
; Total pins                         ; 49 / 92 ( 53 % )                             ;
; Total virtual pins                 ; 0                                            ;
; Total memory bits                  ; 131,072 / 276,480 ( 47 % )                   ;
; Embedded Multiplier 9-bit elements ; 0 / 30 ( 0 % )                               ;
; Total PLLs                         ; 0 / 2 ( 0 % )                                ;
+------------------------------------+----------------------------------------------+


+-----------------------------------------+
; Flow Settings                           ;
+-------------------+---------------------+
; Option            ; Setting             ;
+-------------------+---------------------+
; Start date & time ; 02/07/2019 14:41:12 ;
; Main task         ; Compilation         ;
; Revision Name     ; RAM                 ;
+-------------------+---------------------+


+---------------------------------------------------------------------------------------------------------------------------------------+
; Flow Non-Default Global Settings                                                                                                      ;
+------------------------------------+--------------------------------------------+---------------+--------------------+----------------+
; Assignment Name                    ; Value                                      ; Default Value ; Entity Name        ; Section Id     ;
+------------------------------------+--------------------------------------------+---------------+--------------------+----------------+
; COMPILER_SIGNATURE_ID              ; 79461732614332.154954687205040             ; --            ; --                 ; --             ;
; MAX_CORE_JUNCTION_TEMP             ; 85                                         ; --            ; --                 ; --             ;
; MIN_CORE_JUNCTION_TEMP             ; 0                                          ; --            ; --                 ; --             ;
; MISC_FILE                          ; C:/Users/0xCC/Desktop/RAM/RAM.dpf          ; --            ; --                 ; --             ;
; MISC_FILE                          ; C:/Users/0xCC/Desktop/CPU FPGA/RAM/RAM.dpf ; --            ; --                 ; --             ;
; NOMINAL_CORE_SUPPLY_VOLTAGE        ; 1.2V                                       ; --            ; --                 ; --             ;
; PARTITION_COLOR                    ; 16764057                                   ; --            ; FullRam            ; Top            ;
; PARTITION_COLOR                    ; 16764057                                   ; --            ; OverallArchitcture ; Top            ;
; PARTITION_NETLIST_TYPE             ; SOURCE                                     ; --            ; FullRam            ; Top            ;
; PARTITION_NETLIST_TYPE             ; SOURCE                                     ; --            ; OverallArchitcture ; Top            ;
; TOP_LEVEL_ENTITY                   ; FullRam                                    ; RAM           ; --                 ; --             ;
; USE_GENERATED_PHYSICAL_CONSTRAINTS ; Off                                        ; --            ; --                 ; eda_blast_fpga ;
+------------------------------------+--------------------------------------------+---------------+--------------------+----------------+


+-------------------------------------------------------------------------------------------------------------------------------+
; Flow Elapsed Time                                                                                                             ;
+---------------------------+--------------+-------------------------+---------------------+------------------------------------+
; Module Name               ; Elapsed Time ; Average Processors Used ; Peak Virtual Memory ; Total CPU Time (on all processors) ;
+---------------------------+--------------+-------------------------+---------------------+------------------------------------+
; Analysis & Synthesis      ; 00:00:02     ; 1.0                     ; 258 MB              ; 00:00:04                           ;
; Fitter                    ; 00:00:06     ; 1.0                     ; 278 MB              ; 00:00:07                           ;
; TimeQuest Timing Analyzer ; 00:00:03     ; 1.0                     ; 247 MB              ; 00:00:03                           ;
; Assembler                 ; 00:00:01     ; 1.0                     ; 217 MB              ; 00:00:01                           ;
; Total                     ; 00:00:11     ; --                      ; --                  ; 00:00:14                           ;
+---------------------------+--------------+-------------------------+---------------------+------------------------------------+


+--------------------------------------------------------------------------------------------+
; Flow OS Summary                                                                            ;
+---------------------------+------------------+---------------+------------+----------------+
; Module Name               ; Machine Hostname ; OS Name       ; OS Version ; Processor type ;
+---------------------------+------------------+---------------+------------+----------------+
; Analysis & Synthesis      ; DESKTOP-7G1LMTB  ; Windows Vista ; 6.2        ; x86_64         ;
; Fitter                    ; DESKTOP-7G1LMTB  ; Windows Vista ; 6.2        ; x86_64         ;
; Assembler                 ; DESKTOP-7G1LMTB  ; Windows Vista ; 6.2        ; x86_64         ;
; TimeQuest Timing Analyzer ; DESKTOP-7G1LMTB  ; Windows Vista ; 6.2        ; x86_64         ;
+---------------------------+------------------+---------------+------------+----------------+


------------
; Flow Log ;
------------
quartus_map --read_settings_files=on --write_settings_files=off RAM -c RAM
quartus_fit --read_settings_files=off --write_settings_files=off RAM -c RAM
quartus_asm --read_settings_files=off --write_settings_files=off RAM -c RAM
quartus_sta RAM -c RAM



